<html>
<body>
Title: Hello World!
Slug: hello-world
Limit: Helloâ€¦

<p>This is an example.</p>

</body>
</html>
